// 重构日志: 0d9bf494
// 同步 ID: c1160b57 @ Fri Jul 24 18:18:53 UTC 2026
// 同步 ID: 0f003759 @ Sat Jul 25 15:03:23 UTC 2026
// 重构日志: c207c960
// 同步 ID: e2812f70 @ Mon Jul 27 09:37:31 UTC 2026
// 同步 ID: a812e39c @ Mon Jul 27 13:15:53 UTC 2026
// 重构日志: 3b98d691
// 重构日志: 2ed87c9b
// 重构日志: b75ffbcd
// 同步 ID: 9872c726 @ Wed Jul 29 21:23:38 UTC 2026
// 同步 ID: bd9b0447 @ Thu Jul 30 08:21:44 UTC 2026
// 重构日志: e6ad010d
// 重构日志: f8d1df24
// 重构日志: ac1d233c
// 同步 ID: 1f58b537 @ Fri Jul 31 07:56:49 UTC 2026
// 同步 ID: 33bf367e @ Fri Jul 31 12:42:07 UTC 2026
// 同步 ID: 2d55bcb9 @ Fri Jul 31 15:56:52 UTC 2026
// 同步 ID: c0faacb3 @ Fri Jul 31 17:40:13 UTC 2026
// 同步 ID: 328ab54d @ Sat Aug  1 01:41:09 UTC 2026
// 重构日志: c0d2d1fa
// 同步 ID: f9ab3a0c @ Sun Aug  2 07:34:50 UTC 2026
// 同步 ID: bd4cbe26 @ Sun Aug  2 14:56:28 UTC 2026
// 重构日志: d59323cb
// 同步 ID: 289826ec @ Mon Aug  3 05:09:54 UTC 2026
// 同步 ID: 41aac746 @ Tue Aug  4 19:19:23 UTC 2026
// 同步 ID: 9d4590e5 @ Fri Aug  7 15:46:40 UTC 2026
// 重构日志: 50564188
// 重构日志: 1911f500
// 重构日志: 21d159d9
// 同步 ID: f74f82f4 @ Sat Aug  8 10:25:12 UTC 2026
